Tabla                                                                                                                            Campo                                                                                                                            Tipo de Campo                                                                                                                                                    Valor por defecto Requerido
-------------------------------------------------------------------------------------------------------------------------------- -------------------------------------------------------------------------------------------------------------------------------- ---------------------------------------------------------------------------------------------------------------------------------------------------------------- ----------------- ---------
Administrador                                                                                                                    admin_nombre                                                                                                                     varchar(8000)                                                                                                                                                    NULL              NO
Administrador                                                                                                                    admin_pass                                                                                                                       varbinary(8000)                                                                                                                                                  NULL              NO
Administrador                                                                                                                    id_admin                                                                                                                         int(4)                                                                                                                                                           NULL              NO
Categoria                                                                                                                        catego_descripcion                                                                                                               varchar(8000)                                                                                                                                                    NULL              NO
Categoria                                                                                                                        Catego_id_admin                                                                                                                  int(4)                                                                                                                                                           NULL              NO
Categoria                                                                                                                        id_catego                                                                                                                        int(4)                                                                                                                                                           NULL              NO
Cliente                                                                                                                          C_AM                                                                                                                             varchar(8000)                                                                                                                                                    NULL              NO
Cliente                                                                                                                          C_AP                                                                                                                             varchar(8000)                                                                                                                                                    NULL              NO
Cliente                                                                                                                          C_Fecha_Nacimiento                                                                                                               date(3)                                                                                                                                                          NOT NULL          SÍ
Cliente                                                                                                                          C_nombre                                                                                                                         varchar(8000)                                                                                                                                                    NULL              NO
Cliente                                                                                                                          C_RFC                                                                                                                            varchar(8000)                                                                                                                                                    NULL              NO
Cliente                                                                                                                          C_RFC_V                                                                                                                          varchar(8000)                                                                                                                                                    NULL              NO
Cliente_Correo                                                                                                                   C_C_RFC                                                                                                                          varchar(8000)                                                                                                                                                    NULL              NO
Cliente_Correo                                                                                                                   C_email                                                                                                                          varchar(8000)                                                                                                                                                    NULL              NO
Cliente_Correo                                                                                                                   id_correo                                                                                                                        int(4)                                                                                                                                                           NULL              NO
Cliente_Domicilio                                                                                                                D_Codigo_Postal                                                                                                                  int(4)                                                                                                                                                           NULL              NO
Cliente_Domicilio                                                                                                                D_direccion                                                                                                                      varchar(8000)                                                                                                                                                    NULL              NO
Cliente_Domicilio                                                                                                                D_RFC_C                                                                                                                          varchar(8000)                                                                                                                                                    NULL              NO
Cliente_Domicilio                                                                                                                id_domicilio                                                                                                                     int(4)                                                                                                                                                           NULL              NO
Cliente_Telefono                                                                                                                 id_telefono                                                                                                                      int(4)                                                                                                                                                           NULL              NO
Cliente_Telefono                                                                                                                 T_RFC_C                                                                                                                          varchar(8000)                                                                                                                                                    NULL              NO
Cliente_Telefono                                                                                                                 T_telefono                                                                                                                       varchar(8000)                                                                                                                                                    NULL              NO
Detalle_Devolucion                                                                                                               DD_cantidad                                                                                                                      int(4)                                                                                                                                                           NULL              NO
Detalle_Devolucion                                                                                                               DD_id                                                                                                                            int(4)                                                                                                                                                           NULL              NO
Detalle_Devolucion                                                                                                               DD_id_devolucion                                                                                                                 int(4)                                                                                                                                                           NULL              NO
Detalle_Devolucion                                                                                                               DD_id_prod                                                                                                                       int(4)                                                                                                                                                           NULL              NO
Detalle_Devolucion                                                                                                               DD_motivo                                                                                                                        int(4)                                                                                                                                                           NULL              NO
Detalle_Venta                                                                                                                    DV_cantidad                                                                                                                      int(4)                                                                                                                                                           NULL              NO
Detalle_Venta                                                                                                                    DV_id_prod                                                                                                                       int(4)                                                                                                                                                           NULL              NO
Detalle_Venta                                                                                                                    DV_NoVenta                                                                                                                       varchar(8000)                                                                                                                                                    NULL              NO
Detalle_Venta                                                                                                                    DV_precio                                                                                                                        float(8)                                                                                                                                                         NULL              NO
Detalle_Venta                                                                                                                    DV_SubTotal                                                                                                                      float(8)                                                                                                                                                         NOT NULL          SÍ
Detalle_Venta                                                                                                                    id_DV                                                                                                                            int(4)                                                                                                                                                           NULL              NO
Devolucion                                                                                                                       D_Fecha                                                                                                                          date(3)                                                                                                                                                          NOT NULL          SÍ
Devolucion                                                                                                                       D_id_cliente                                                                                                                     varchar(8000)                                                                                                                                                    NULL              NO
Devolucion                                                                                                                       D_id_venta                                                                                                                       varchar(8000)                                                                                                                                                    NULL              NO
Devolucion                                                                                                                       id_devolucion                                                                                                                    int(4)                                                                                                                                                           NULL              NO
Forma_Pago                                                                                                                       FP_descripcion                                                                                                                   varchar(8000)                                                                                                                                                    NULL              NO
Forma_Pago                                                                                                                       id_pago                                                                                                                          int(4)                                                                                                                                                           NULL              NO
Motivo                                                                                                                           id_motivo                                                                                                                        int(4)                                                                                                                                                           NULL              NO
Motivo                                                                                                                           M_descripcion                                                                                                                    varchar(8000)                                                                                                                                                    NULL              NO
Producto                                                                                                                         id_producto                                                                                                                      int(4)                                                                                                                                                           NULL              NO
Producto                                                                                                                         prod_Cantidad_RE                                                                                                                 int(4)                                                                                                                                                           NULL              NO
Producto                                                                                                                         prod_Catego                                                                                                                      int(4)                                                                                                                                                           NULL              NO
Producto                                                                                                                         prod_descipcion                                                                                                                  varchar(8000)                                                                                                                                                    NULL              NO
Producto                                                                                                                         prod_Fecha_Alta                                                                                                                  date(3)                                                                                                                                                          NOT NULL          SÍ
Producto                                                                                                                         prod_Fecha_RE                                                                                                                    date(3)                                                                                                                                                          NOT NULL          SÍ
Producto                                                                                                                         prod_id_admin                                                                                                                    int(4)                                                                                                                                                           NULL              NO
Producto                                                                                                                         prod_precio                                                                                                                      float(8)                                                                                                                                                         NULL              NO
Producto                                                                                                                         prod_Punto_RE                                                                                                                    int(4)                                                                                                                                                           NULL              NO
Producto                                                                                                                         prod_stock                                                                                                                       int(4)                                                                                                                                                           NULL              NO
Producto_Eliminado                                                                                                               id_PE                                                                                                                            int(4)                                                                                                                                                           NULL              NO
Producto_Eliminado                                                                                                               PE_Categoria                                                                                                                     int(4)                                                                                                                                                           NULL              NO
Producto_Eliminado                                                                                                               PE_Fecha_Creacion                                                                                                                date(3)                                                                                                                                                          NULL              NO
Producto_Eliminado                                                                                                               PE_Fecha_Eliminado                                                                                                               date(3)                                                                                                                                                          NOT NULL          SÍ
Producto_Eliminado                                                                                                               PE_nombre                                                                                                                        varchar(8000)                                                                                                                                                    NULL              NO
Vendedor                                                                                                                         V_AM                                                                                                                             varchar(8000)                                                                                                                                                    NULL              NO
Vendedor                                                                                                                         V_AP                                                                                                                             varchar(8000)                                                                                                                                                    NULL              NO
Vendedor                                                                                                                         V_CURP                                                                                                                           varchar(8000)                                                                                                                                                    NULL              NO
Vendedor                                                                                                                         V_id_admin                                                                                                                       int(4)                                                                                                                                                           NULL              NO
Vendedor                                                                                                                         V_No_Nomina                                                                                                                      varchar(8000)                                                                                                                                                    NULL              NO
Vendedor                                                                                                                         V_nombre                                                                                                                         varchar(8000)                                                                                                                                                    NULL              NO
Vendedor                                                                                                                         V_Pass                                                                                                                           varbinary(8000)                                                                                                                                                  NULL              NO
Vendedor                                                                                                                         V_RFC                                                                                                                            varchar(8000)                                                                                                                                                    NULL              NO
Venta                                                                                                                            V_C_RFC                                                                                                                          varchar(8000)                                                                                                                                                    NULL              NO
Venta                                                                                                                            V_Caja                                                                                                                           int(4)                                                                                                                                                           NOT NULL          SÍ
Venta                                                                                                                            V_Cantidad_Articulos                                                                                                             int(4)                                                                                                                                                           NOT NULL          SÍ
Venta                                                                                                                            V_Fecha_Compra                                                                                                                   date(3)                                                                                                                                                          NOT NULL          SÍ
Venta                                                                                                                            V_Forma_Pago                                                                                                                     int(4)                                                                                                                                                           NULL              NO
Venta                                                                                                                            V_IVA                                                                                                                            int(4)                                                                                                                                                           NOT NULL          SÍ
Venta                                                                                                                            V_NoVenta                                                                                                                        varchar(8000)                                                                                                                                                    NULL              NO
Venta                                                                                                                            V_Total                                                                                                                          float(8)                                                                                                                                                         NOT NULL          SÍ
Venta                                                                                                                            V_V_Comision                                                                                                                     float(8)                                                                                                                                                         NOT NULL          SÍ
Venta                                                                                                                            V_V_RFC                                                                                                                          varchar(8000)                                                                                                                                                    NULL              NO

(74 row(s) affected)

